// Jest Snapshot v1, https://goo.gl/fbAQLP

exports[`Additional data should render the component 1`] = `
.c1 {
  font-size: 14px;
  font-family: verdana;
  margin-left: 400px;
}

.c0 {
  display: -webkit-box;
  display: -webkit-flex;
  display: -ms-flexbox;
  display: flex;
  -webkit-align-items: center;
  -webkit-box-align: center;
  -ms-flex-align: center;
  align-items: center;
  -webkit-box-pack: justify;
  -webkit-justify-content: space-between;
  -ms-flex-pack: justify;
  justify-content: space-between;
  width: 100%;
}

<div>
  <div
    class="c0"
  >
    <div>
      <h3
        class="c1"
        data-testid="greet-message"
      >
        Hi 
        Test-username
        , currently connected users: 
        1
      </h3>
    </div>
    <button
      data-testid="logout-button"
      type="button"
    >
       logout
    </button>
  </div>
</div>
`;

exports[`Additional data should update logged in users data according to the message received 1`] = `
.c1 {
  font-size: 14px;
  font-family: verdana;
  margin-left: 400px;
}

.c0 {
  display: -webkit-box;
  display: -webkit-flex;
  display: -ms-flexbox;
  display: flex;
  -webkit-align-items: center;
  -webkit-box-align: center;
  -ms-flex-align: center;
  align-items: center;
  -webkit-box-pack: justify;
  -webkit-justify-content: space-between;
  -ms-flex-pack: justify;
  justify-content: space-between;
  width: 100%;
}

<div>
  <div
    class="c0"
  >
    <div>
      <h3
        class="c1"
        data-testid="greet-message"
      >
        Hi 
        Test-username
        , currently connected users: 
        5
      </h3>
    </div>
    <button
      data-testid="logout-button"
      type="button"
    >
       logout
    </button>
  </div>
</div>
`;
