// Jest Snapshot v1, https://goo.gl/fbAQLP

exports[`Webpage should render home page if the user is logged in 1`] = `
<div>
  <p>
    Home Page 
  </p>
   
</div>
`;

exports[`Webpage should render login page if the user is not logged in 1`] = `
.c0 {
  display: -webkit-box;
  display: -webkit-flex;
  display: -ms-flexbox;
  display: flex;
  -webkit-flex-direction: column;
  -ms-flex-direction: column;
  flex-direction: column;
  height: 100%;
  -webkit-align-items: center;
  -webkit-box-align: center;
  -ms-flex-align: center;
  align-items: center;
  -webkit-box-pack: center;
  -webkit-justify-content: center;
  -ms-flex-pack: center;
  justify-content: center;
}

<div>
  <div
    class="c0"
  />
   
</div>
`;
