// Jest Snapshot v1, https://goo.gl/fbAQLP

exports[`SignIn should render the component 1`] = `
.c2 {
  color: white;
  width: 300px;
  font-size: 16pt;
  font-family: verdana;
  background-color: transparent;
  border: none;
  border-bottom: 2px solid #fff;
  outline: none;
  text-align: center;
  width: 400px;
}

.c0 {
  display: -webkit-box;
  display: -webkit-flex;
  display: -ms-flexbox;
  display: flex;
  -webkit-flex-direction: column;
  -ms-flex-direction: column;
  flex-direction: column;
  height: 400px;
  width: 500px;
  -webkit-align-items: center;
  -webkit-box-align: center;
  -ms-flex-align: center;
  align-items: center;
  -webkit-box-pack: center;
  -webkit-justify-content: center;
  -ms-flex-pack: center;
  justify-content: center;
  background-color: black;
  margin-top: 100px;
}

.c1 {
  display: -webkit-box;
  display: -webkit-flex;
  display: -ms-flexbox;
  display: flex;
  -webkit-flex-direction: column;
  -ms-flex-direction: column;
  flex-direction: column;
  -webkit-align-items: center;
  -webkit-box-align: center;
  -ms-flex-align: center;
  align-items: center;
  -webkit-box-pack: center;
  -webkit-justify-content: center;
  -ms-flex-pack: center;
  justify-content: center;
}

.c3 {
  margin-top: 20px;
  width: 200px;
  height: 30px;
}

<div>
  <div
    class="c0"
  >
    <div
      class="c1"
    >
      <input
        class="c2"
        data-testid="username"
        placeholder="Please enter your name"
      />
      <button
        class="c3"
        data-testid="start-button"
      >
        Start
      </button>
    </div>
  </div>
</div>
`;
